{"close": "20260914T170000Z", "mode": "dry", "n_samples": 20, "thin_+0c_p10": 50, "thin_+0c_med": 481, "thin_+0c_min": 50, "thin_+1c_p10": 550, "thin_+1c_med": 1494, "thin_+1c_min": 269, "thin_+2c_p10": 1927, "thin_+2c_med": 2841, "thin_+2c_min": 1609, "thin_+5c_p10": 5257, "thin_+5c_med": 7772, "thin_+5c_min": 5032}
{"close": "20260914T180000Z", "mode": "dry", "n_samples": 20, "thin_+0c_p10": 38, "thin_+0c_med": 204, "thin_+0c_min": 8, "thin_+1c_p10": 238, "thin_+1c_med": 1514, "thin_+1c_min": 162, "thin_+2c_p10": 1001, "thin_+2c_med": 2862, "thin_+2c_min": 532, "thin_+5c_p10": 6584, "thin_+5c_med": 8261, "thin_+5c_min": 5721}
{"close": "20260914T190000Z", "mode": "shakedown", "n_samples": 20, "thin_+0c_p10": 50, "thin_+0c_med": 457, "thin_+0c_min": 10, "thin_+1c_p10": 335, "thin_+1c_med": 1680, "thin_+1c_min": 104, "thin_+2c_p10": 657, "thin_+2c_med": 3037, "thin_+2c_min": 604, "thin_+5c_p10": 5208, "thin_+5c_med": 7755, "thin_+5c_min": 3315}
{"close": "20260914T200000Z", "mode": "armed", "n_samples": 20, "thin_+0c_p10": 33, "thin_+0c_med": 252, "thin_+0c_min": 6, "thin_+1c_p10": 608, "thin_+1c_med": 1246, "thin_+1c_min": 103, "thin_+2c_p10": 675, "thin_+2c_med": 2670, "thin_+2c_min": 659, "thin_+5c_p10": 4844, "thin_+5c_med": 5918, "thin_+5c_min": 3936}
{"close": "20260914T230000Z", "mode": "dry", "n_samples": 20, "thin_+0c_p10": 114, "thin_+0c_med": 346, "thin_+0c_min": 50, "thin_+1c_p10": 261, "thin_+1c_med": 1440, "thin_+1c_min": 107, "thin_+2c_p10": 2220, "thin_+2c_med": 3741, "thin_+2c_min": 777, "thin_+5c_p10": 6829, "thin_+5c_med": 8823, "thin_+5c_min": 2037}
{"close": "20260915T000000Z", "mode": "armed", "n_samples": 20, "thin_+0c_p10": 2, "thin_+0c_med": 178, "thin_+0c_min": 1, "thin_+1c_p10": 59, "thin_+1c_med": 1036, "thin_+1c_min": 1, "thin_+2c_p10": 911, "thin_+2c_med": 2539, "thin_+2c_min": 1, "thin_+5c_p10": 3814, "thin_+5c_med": 7414, "thin_+5c_min": 2363}
{"close": "20260915T010000Z", "mode": "armed", "n_samples": 20, "thin_+0c_p10": 9, "thin_+0c_med": 442, "thin_+0c_min": 0, "thin_+1c_p10": 50, "thin_+1c_med": 1281, "thin_+1c_min": 11, "thin_+2c_p10": 533, "thin_+2c_med": 2303, "thin_+2c_min": 470, "thin_+5c_p10": 2943, "thin_+5c_med": 5155, "thin_+5c_min": 2712}
{"close": "20260915T020000Z", "mode": "armed", "n_samples": 20, "thin_+0c_p10": 50, "thin_+0c_med": 259, "thin_+0c_min": 15, "thin_+1c_p10": 202, "thin_+1c_med": 1272, "thin_+1c_min": 199, "thin_+2c_p10": 273, "thin_+2c_med": 2904, "thin_+2c_min": 263, "thin_+5c_p10": 3816, "thin_+5c_med": 6110, "thin_+5c_min": 3598}
{"close": "20260915T030000Z", "mode": "armed", "n_samples": 20, "thin_+0c_p10": 11, "thin_+0c_med": 272, "thin_+0c_min": 4, "thin_+1c_p10": 64, "thin_+1c_med": 1242, "thin_+1c_min": 5, "thin_+2c_p10": 280, "thin_+2c_med": 2300, "thin_+2c_min": 124, "thin_+5c_p10": 2937, "thin_+5c_med": 5017, "thin_+5c_min": 1946}
{"close": "20260915T040000Z", "mode": "armed", "n_samples": 20, "thin_+0c_p10": 46, "thin_+0c_med": 250, "thin_+0c_min": 12, "thin_+1c_p10": 206, "thin_+1c_med": 1351, "thin_+1c_min": 115, "thin_+2c_p10": 1428, "thin_+2c_med": 2492, "thin_+2c_min": 1311, "thin_+5c_p10": 4539, "thin_+5c_med": 5639, "thin_+5c_min": 3575}
{"close": "20260915T050000Z", "mode": "armed", "n_samples": 20, "thin_+0c_p10": 1, "thin_+0c_med": 283, "thin_+0c_min": 1, "thin_+1c_p10": 1013, "thin_+1c_med": 1586, "thin_+1c_min": 287, "thin_+2c_p10": 1159, "thin_+2c_med": 3378, "thin_+2c_min": 1085, "thin_+5c_p10": 5077, "thin_+5c_med": 6180, "thin_+5c_min": 4861}
{"close": "20260915T130000Z", "mode": "armed", "n_samples": 20, "thin_+0c_p10": 50, "thin_+0c_med": 308, "thin_+0c_min": 2, "thin_+1c_p10": 563, "thin_+1c_med": 1248, "thin_+1c_min": 100, "thin_+2c_p10": 1391, "thin_+2c_med": 2783, "thin_+2c_min": 850, "thin_+5c_p10": 4771, "thin_+5c_med": 6401, "thin_+5c_min": 4071}
{"close": "20260915T140000Z", "mode": "armed", "n_samples": 20, "thin_+0c_p10": 11, "thin_+0c_med": 282, "thin_+0c_min": 0, "thin_+1c_p10": 18, "thin_+1c_med": 1135, "thin_+1c_min": 0, "thin_+2c_p10": 18, "thin_+2c_med": 2493, "thin_+2c_min": 0, "thin_+5c_p10": 3626, "thin_+5c_med": 5809, "thin_+5c_min": 752}

== pooled (thinner wing = min(lower, upper) at each sample) ==
within +0c of the ask: p10=48  p25=114  p50=263  p90=1023  min=0  (n=260)
within +1c of the ask: p10=261  p25=736  p50=1365  p90=2341  min=0  (n=260)
within +2c of the ask: p10=1001  p25=2017  p50=2817  p90=3939  min=0  (n=260)
within +5c of the ask: p10=4394  p25=5500  p50=6393  p90=8969  min=752  (n=260)
lo wing within +2c: p10=1836 p50=3539 p90=5422
hi wing within +2c: p10=1609 p50=3322 p90=5072
