== 20260914T170000Z K15=78627.27 result15=yes samples=803
  A_taker: n=803 mean $1.1354 min $1.0284 sub-$1 0 (0.0%)
  A_maker: n=650 mean $1.0963 min $1.0270 sub-$1 0 (0.0%)
  M_taker: n=803 mean $1.0786 min $0.9978 sub-$1 1 (0.1%) | sub-$1 min depth lots: 5 median, 5 min | t_minus of sub-$1: [84]...[84]
  M_maker: n=650 mean $1.0452 min $0.9943 sub-$1 7 (1.1%) | sub-$1 min depth lots: 200 median, 146 min | t_minus of sub-$1: [111, 112, 113, 114, 117, 118]...[117, 118, 119]
== 20260914T180000Z K15=78839.4 result15=yes samples=848
  A_taker: n=848 mean $1.2234 min $1.0317 sub-$1 0 (0.0%)
  A_maker: n=749 mean $1.1892 min $1.0212 sub-$1 0 (0.0%)
  M_taker: n=848 mean $1.1312 min $1.0020 sub-$1 0 (0.0%)
  M_maker: n=749 mean $1.0980 min $0.9774 sub-$1 7 (0.9%) | sub-$1 min depth lots: 60 median, 1 min | t_minus of sub-$1: [50, 51, 52, 53, 55, 67]...[55, 67, 126]
== 20260914T190000Z K15=79198.85 result15=yes samples=860
  A_taker: n=860 mean $1.0672 min $1.0056 sub-$1 0 (0.0%)
  A_maker: n=559 mean $1.0340 min $0.9752 sub-$1 29 (5.2%) | sub-$1 min depth lots: 200 median, 16 min | t_minus of sub-$1: [61, 63, 64, 70, 76, 81]...[496, 659, 665]
  M_taker: n=860 mean $1.3117 min $1.0452 sub-$1 0 (0.0%)
  M_maker: n=559 mean $1.2700 min $1.0210 sub-$1 0 (0.0%)
== 20260914T200000Z K15=79118.17 result15=no samples=759
  A_taker: n=759 mean $1.2659 min $1.0303 sub-$1 0 (0.0%)
  A_maker: n=536 mean $1.2368 min $1.0214 sub-$1 0 (0.0%)
  M_taker: n=759 mean $1.1166 min $1.0309 sub-$1 0 (0.0%)
  M_maker: n=536 mean $1.0868 min $1.0050 sub-$1 0 (0.0%)
== 20260914T230000Z K15=78638.67 result15=no samples=807
  A_taker: n=807 mean $1.1877 min $1.0178 sub-$1 0 (0.0%)
  A_maker: n=574 mean $1.1643 min $1.0075 sub-$1 0 (0.0%)
  M_taker: n=807 mean $1.1803 min $1.0391 sub-$1 0 (0.0%)
  M_maker: n=574 mean $1.1537 min $1.0289 sub-$1 0 (0.0%)
== 20260915T000000Z K15=78316.89 result15=no samples=613
  A_taker: n=613 mean $1.2029 min $1.0152 sub-$1 0 (0.0%)
  A_maker: n=546 mean $1.1799 min $1.0103 sub-$1 0 (0.0%)
  M_taker: n=613 mean $1.1042 min $1.0177 sub-$1 0 (0.0%)
  M_maker: n=546 mean $1.0786 min $0.9934 sub-$1 5 (0.9%) | sub-$1 min depth lots: 60 median, 1 min | t_minus of sub-$1: [370, 372, 390, 477, 483]...[390, 477, 483]
== 20260915T010000Z K15=77964.78 result15=no samples=845
  A_taker: n=845 mean $1.2455 min $1.0111 sub-$1 0 (0.0%)
  A_maker: n=558 mean $1.2211 min $1.1314 sub-$1 0 (0.0%)
  M_taker: n=845 mean $1.4364 min $1.2584 sub-$1 0 (0.0%)
  M_maker: n=558 mean $1.3871 min $1.2239 sub-$1 0 (0.0%)
== 20260915T020000Z K15=77991.72 result15=no samples=817
  A_taker: n=817 mean $1.1023 min $0.9841 sub-$1 6 (0.7%) | sub-$1 min depth lots: 34 median, 1 min | t_minus of sub-$1: [80, 81, 85, 86, 92, 95]...[86, 92, 95]
  A_maker: n=406 mean $1.0615 min $0.9333 sub-$1 40 (9.9%) | sub-$1 min depth lots: 82 median, 0 min | t_minus of sub-$1: [55, 57, 58, 59, 60, 61]...[112, 113, 117]
  M_taker: n=817 mean $1.5101 min $1.2804 sub-$1 0 (0.0%)
  M_maker: n=406 mean $1.5201 min $1.2480 sub-$1 0 (0.0%)
== 20260915T030000Z K15=77867.9 result15=yes samples=854
  A_taker: n=854 mean $1.2960 min $1.0931 sub-$1 0 (0.0%)
  A_maker: n=582 mean $1.2823 min $1.0760 sub-$1 0 (0.0%)
  M_taker: n=854 mean $1.4481 min $1.0047 sub-$1 0 (0.0%)
  M_maker: n=582 mean $1.4053 min $0.9940 sub-$1 2 (0.3%) | sub-$1 min depth lots: 79 median, 60 min | t_minus of sub-$1: [22, 29]...[22, 29]
== 20260915T040000Z K15=77781.34 result15=no samples=800
  A_taker: n=800 mean $1.1175 min $1.0042 sub-$1 0 (0.0%)
  A_maker: n=527 mean $1.0850 min $0.9660 sub-$1 12 (2.3%) | sub-$1 min depth lots: 5 median, 0 min | t_minus of sub-$1: [107, 117, 122, 256, 266, 270]...[305, 305, 306]
  M_taker: n=800 mean $1.4507 min $1.0312 sub-$1 0 (0.0%)
  M_maker: n=527 mean $1.4314 min $1.0352 sub-$1 0 (0.0%)
== 20260915T050000Z K15=77616.38 result15=no samples=799
  A_taker: n=799 mean $1.2614 min $1.0143 sub-$1 0 (0.0%)
  A_maker: n=572 mean $1.2357 min $1.0182 sub-$1 0 (0.0%)
  M_taker: n=799 mean $1.1130 min $1.0214 sub-$1 0 (0.0%)
  M_maker: n=572 mean $1.0867 min $1.0168 sub-$1 0 (0.0%)
== 20260915T130000Z K15=76908.62 result15=yes samples=864
  A_taker: n=864 mean $1.3372 min $1.0165 sub-$1 0 (0.0%)
  A_maker: n=576 mean $1.3024 min $0.9931 sub-$1 1 (0.2%) | sub-$1 min depth lots: 1 median, 1 min | t_minus of sub-$1: [58]...[58]
  M_taker: n=864 mean $1.1076 min $1.0151 sub-$1 0 (0.0%)
  M_maker: n=576 mean $1.0773 min $1.0121 sub-$1 0 (0.0%)
== 20260915T140000Z K15=76386.13 result15=yes samples=805
  A_taker: n=805 mean $1.0883 min $1.0270 sub-$1 0 (0.0%)
  A_maker: n=673 mean $1.0524 min $0.9771 sub-$1 13 (1.9%) | sub-$1 min depth lots: 60 median, 11 min | t_minus of sub-$1: [301, 303, 304, 305, 306, 307]...[430, 431, 437]
  M_taker: n=805 mean $1.2004 min $1.0532 sub-$1 0 (0.0%)
  M_maker: n=673 mean $1.1611 min $1.0086 sub-$1 0 (0.0%)
== 20260915T150000Z K15=75883.08 result15=yes samples=857
  A_taker: n=857 mean $1.1172 min $1.0250 sub-$1 0 (0.0%)
  A_maker: n=771 mean $1.0751 min $0.9994 sub-$1 1 (0.1%) | sub-$1 min depth lots: 3 median, 3 min | t_minus of sub-$1: [427]...[427]
  M_taker: n=857 mean $1.2295 min $1.0009 sub-$1 0 (0.0%)
  M_maker: n=771 mean $1.1862 min $0.9677 sub-$1 10 (1.3%) | sub-$1 min depth lots: 80 median, 1 min | t_minus of sub-$1: [8, 9, 10, 11, 12, 15]...[33, 37, 39]
== 20260915T160000Z K15=76395.36 result15=yes samples=763
  A_taker: n=763 mean $1.0571 min $0.9969 sub-$1 1 (0.1%) | sub-$1 min depth lots: 1 median, 1 min | t_minus of sub-$1: [351]...[351]
  A_maker: n=580 mean $1.0305 min $0.9756 sub-$1 17 (2.9%) | sub-$1 min depth lots: 114 median, 1 min | t_minus of sub-$1: [351, 352, 355, 529, 554, 554]...[596, 617, 642]
  M_taker: n=763 mean $1.2124 min $1.0103 sub-$1 0 (0.0%)
  M_maker: n=580 mean $1.1829 min $1.0129 sub-$1 0 (0.0%)
== 20260915T170000Z K15=76315.78 result15=yes samples=832
  A_taker: n=832 mean $1.4164 min $1.1874 sub-$1 0 (0.0%)
  A_maker: n=618 mean $1.3967 min $1.1775 sub-$1 0 (0.0%)
  M_taker: n=832 mean $1.0902 min $0.9876 sub-$1 4 (0.5%) | sub-$1 min depth lots: 92 median, 0 min | t_minus of sub-$1: [52, 54, 79, 135]...[54, 79, 135]
  M_maker: n=618 mean $1.0538 min $0.9280 sub-$1 65 (10.5%) | sub-$1 min depth lots: 24 median, 0 min | t_minus of sub-$1: [52, 53, 54, 55, 56, 57]...[162, 173, 186]
== 20260915T180000Z K15=76725.4 result15=yes samples=754
  A_taker: n=754 mean $1.1075 min $1.0079 sub-$1 0 (0.0%)
  A_maker: n=593 mean $1.0742 min $1.0169 sub-$1 0 (0.0%)
  M_taker: n=754 mean $1.0690 min $1.0027 sub-$1 0 (0.0%)
  M_maker: n=593 mean $1.0353 min $0.9858 sub-$1 7 (1.2%) | sub-$1 min depth lots: 110 median, 3 min | t_minus of sub-$1: [195, 196, 200, 201, 239, 262]...[239, 262, 570]
